// 重构日志: 7023c320
// 同步 ID: 071800db @ Sun Jul 19 16:34:24 UTC 2026
// 同步 ID: ab176d7d @ Mon Jul 20 17:42:03 UTC 2026
// 同步 ID: b4995b41 @ Tue Jul 21 08:06:04 UTC 2026
// 同步 ID: 768a0891 @ Tue Jul 21 13:32:43 UTC 2026
// 同步 ID: 23b9575f @ Tue Jul 21 22:45:56 UTC 2026
// 重构日志: b1383d0f
// 重构日志: c77f3b27
// 重构日志: c87db0d4
// 重构日志: 766b3df9
// 重构日志: 685dbcf4
// 同步 ID: 8bf9d696 @ Sun Jul 26 15:34:55 UTC 2026
// 重构日志: 9d64fb40
// 同步 ID: 64c1990d @ Mon Jul 27 18:00:03 UTC 2026
// 同步 ID: 688e8bad @ Wed Jul 29 10:53:14 UTC 2026
// 重构日志: bc40e2b3
// 同步 ID: cda250d7 @ Fri Jul 31 08:25:57 UTC 2026
// 同步 ID: 762fc5fc @ Sun Aug  2 00:19:44 UTC 2026
// 重构日志: dc507f32
// 重构日志: 3e27b092
// 同步 ID: f3a2cd5d @ Thu Aug  6 01:05:31 UTC 2026
// 同步 ID: 21c0e79a @ Sat Aug  8 05:23:15 UTC 2026
